
> balamya@0.1.0 build
> vite build

[36mvite v7.3.1 [32mbuilding client environment for production...[36m[39m
transforming...
[32mÔ£ô[39m 66 modules transformed.
node.exe : 
[31mÔ£ù[39m Build 
failed in 808ms
En línea: 1 
Carácter: 1
+ & "C:\Program Files
\nodejs/node.exe" 
"C:\Program 
Files\nodejs/node_mo 
...
+ ~~~~~~~~~~~~~~~~~~~
~~~~~~~~~~~~~~~~~~~~~
~~~~~~~~~~~~~~~~~~~~~
~~~~~~~~
    + CategoryInfo   
           : NotSpe  
  cified: ([31mÔ£   
 ù[39m Build fai    
led in 808ms:Str    
ing) [], RemoteE    
xception
    + FullyQualified 
   ErrorId : Native  
  CommandError
 
[31merror during 
build:
[31m[vite]: Rollup 
failed to resolve 
import "recharts" 
from "C:/Users/chusi/
OneDrive/Desktop/BALA
MYA/src/components/co
mmon/MedicalActivityC
hart.js".
This is most likely 
unintended because 
it can break your 
application at 
runtime.
If you do want to 
externalize this 
module explicitly 
add it to
`build.rollupOptions.
external`[31m
    at viteLog (file:
///C:/Users/chusi/One
Drive/Desktop/BALAMYA
/node_modules/vite/di
st/node/chunks/config
.js:33635:57)
    at file:///C:/Use
rs/chusi/OneDrive/Des
ktop/BALAMYA/node_mod
ules/vite/dist/node/c
hunks/config.js:33669
:73
    at onwarn (file:/
//C:/Users/chusi/OneD
rive/Desktop/BALAMYA/
node_modules/@vitejs/
plugin-react/dist/ind
ex.js:76:7)
    at file:///C:/Use
rs/chusi/OneDrive/Des
ktop/BALAMYA/node_mod
ules/vite/dist/node/c
hunks/config.js:33669
:28
    at onRollupLog (f
ile:///C:/Users/chusi
/OneDrive/Desktop/BAL
AMYA/node_modules/vit
e/dist/node/chunks/co
nfig.js:33664:63)
    at onLog (file://
/C:/Users/chusi/OneDr
ive/Desktop/BALAMYA/n
ode_modules/vite/dist
/node/chunks/config.j
s:33467:4)
    at file:///C:/Use
rs/chusi/OneDrive/Des
ktop/BALAMYA/node_mod
ules/rollup/dist/es/s
hared/node-entry.js:2
0958:32
    at Object.logger 
[as onLog] (file:///C
:/Users/chusi/OneDriv
e/Desktop/BALAMYA/nod
e_modules/rollup/dist
/es/shared/node-entry
.js:22945:9)
    at ModuleLoader.h
andleInvalidResolvedI
d (file:///C:/Users/c
husi/OneDrive/Desktop
/BALAMYA/node_modules
/rollup/dist/es/share
d/node-entry.js:21689
:26)
    at file:///C:/Use
rs/chusi/OneDrive/Des
ktop/BALAMYA/node_mod
ules/rollup/dist/es/s
hared/node-entry.js:2
1647:26[39m
